// Jest Snapshot v1, https://goo.gl/fbAQLP

exports[`Table should match snapshot 1`] = `
<div>
  <div
    class="overflow-hidden rounded-lg border bg-white shadow-sm"
  >
    <table
      class="w-full table-fixed"
    >
      <thead>
        <tr
          class="text-left"
        >
          <th>
            Asset
          </th>
          <th>
            Price
          </th>
          <th>
            24hr change
          </th>
        </tr>
      </thead>
      <tbody>
        <tr
          class="cursor-pointer hover:bg-gray-100"
        >
          <td
            class="flex items-center gap-x-2"
          >
            <div
              class="relative size-9"
            >
              <img
                alt="Bitcoin"
                data-nimg="fill"
                decoding="async"
                loading="lazy"
                sizes="100vw"
                src="/_next/image?url=%2Fimages%2Fbtc.png&w=3840&q=75"
                srcset="/_next/image?url=%2Fimages%2Fbtc.png&w=640&q=75 640w, /_next/image?url=%2Fimages%2Fbtc.png&w=750&q=75 750w, /_next/image?url=%2Fimages%2Fbtc.png&w=828&q=75 828w, /_next/image?url=%2Fimages%2Fbtc.png&w=1080&q=75 1080w, /_next/image?url=%2Fimages%2Fbtc.png&w=1200&q=75 1200w, /_next/image?url=%2Fimages%2Fbtc.png&w=1920&q=75 1920w, /_next/image?url=%2Fimages%2Fbtc.png&w=2048&q=75 2048w, /_next/image?url=%2Fimages%2Fbtc.png&w=3840&q=75 3840w"
                style="position: absolute; height: 100%; width: 100%; left: 0px; top: 0px; right: 0px; bottom: 0px; object-fit: contain; object-position: center; color: transparent;"
              />
            </div>
            <div
              class="flex flex-col"
            >
              <span
                class="text-lg uppercase"
              >
                btc
              </span>
              <span
                class="text-xs text-gray-500"
              >
                Bitcoin
              </span>
            </div>
          </td>
          <td>
            $
            58,578.39
          </td>
          <td>
            <div
              class="bg-green-100 text-green-500 w-fit rounded-xl px-2 py-1 text-xs font-semibold"
            >
              2.01
              %
            </div>
          </td>
        </tr>
        <tr
          class="cursor-pointer hover:bg-gray-100"
        >
          <td
            class="flex items-center gap-x-2"
          >
            <div
              class="relative size-9"
            >
              <img
                alt="Ethereum"
                data-nimg="fill"
                decoding="async"
                loading="lazy"
                sizes="100vw"
                src="/_next/image?url=%2Fimages%2Feth.png&w=3840&q=75"
                srcset="/_next/image?url=%2Fimages%2Feth.png&w=640&q=75 640w, /_next/image?url=%2Fimages%2Feth.png&w=750&q=75 750w, /_next/image?url=%2Fimages%2Feth.png&w=828&q=75 828w, /_next/image?url=%2Fimages%2Feth.png&w=1080&q=75 1080w, /_next/image?url=%2Fimages%2Feth.png&w=1200&q=75 1200w, /_next/image?url=%2Fimages%2Feth.png&w=1920&q=75 1920w, /_next/image?url=%2Fimages%2Feth.png&w=2048&q=75 2048w, /_next/image?url=%2Fimages%2Feth.png&w=3840&q=75 3840w"
                style="position: absolute; height: 100%; width: 100%; left: 0px; top: 0px; right: 0px; bottom: 0px; object-fit: contain; object-position: center; color: transparent;"
              />
            </div>
            <div
              class="flex flex-col"
            >
              <span
                class="text-lg uppercase"
              >
                eth
              </span>
              <span
                class="text-xs text-gray-500"
              >
                Ethereum
              </span>
            </div>
          </td>
          <td>
            $
            2,971.99
          </td>
          <td>
            <div
              class="bg-green-100 text-green-500 w-fit rounded-xl px-2 py-1 text-xs font-semibold"
            >
              2.70
              %
            </div>
          </td>
        </tr>
        <tr
          class="cursor-pointer hover:bg-gray-100"
        >
          <td
            class="flex items-center gap-x-2"
          >
            <div
              class="relative size-9"
            >
              <img
                alt="Solana"
                data-nimg="fill"
                decoding="async"
                loading="lazy"
                sizes="100vw"
                src="/_next/image?url=%2Fimages%2Fsol.png&w=3840&q=75"
                srcset="/_next/image?url=%2Fimages%2Fsol.png&w=640&q=75 640w, /_next/image?url=%2Fimages%2Fsol.png&w=750&q=75 750w, /_next/image?url=%2Fimages%2Fsol.png&w=828&q=75 828w, /_next/image?url=%2Fimages%2Fsol.png&w=1080&q=75 1080w, /_next/image?url=%2Fimages%2Fsol.png&w=1200&q=75 1200w, /_next/image?url=%2Fimages%2Fsol.png&w=1920&q=75 1920w, /_next/image?url=%2Fimages%2Fsol.png&w=2048&q=75 2048w, /_next/image?url=%2Fimages%2Fsol.png&w=3840&q=75 3840w"
                style="position: absolute; height: 100%; width: 100%; left: 0px; top: 0px; right: 0px; bottom: 0px; object-fit: contain; object-position: center; color: transparent;"
              />
            </div>
            <div
              class="flex flex-col"
            >
              <span
                class="text-lg uppercase"
              >
                sol
              </span>
              <span
                class="text-xs text-gray-500"
              >
                Solana
              </span>
            </div>
          </td>
          <td>
            $
            136.43
          </td>
          <td>
            <div
              class="bg-green-100 text-green-500 w-fit rounded-xl px-2 py-1 text-xs font-semibold"
            >
              11.14
              %
            </div>
          </td>
        </tr>
        <tr
          class="cursor-pointer hover:bg-gray-100"
        >
          <td
            class="flex items-center gap-x-2"
          >
            <div
              class="relative size-9"
            >
              <img
                alt="Cardano"
                data-nimg="fill"
                decoding="async"
                loading="lazy"
                sizes="100vw"
                src="/_next/image?url=%2Fimages%2Fada.png&w=3840&q=75"
                srcset="/_next/image?url=%2Fimages%2Fada.png&w=640&q=75 640w, /_next/image?url=%2Fimages%2Fada.png&w=750&q=75 750w, /_next/image?url=%2Fimages%2Fada.png&w=828&q=75 828w, /_next/image?url=%2Fimages%2Fada.png&w=1080&q=75 1080w, /_next/image?url=%2Fimages%2Fada.png&w=1200&q=75 1200w, /_next/image?url=%2Fimages%2Fada.png&w=1920&q=75 1920w, /_next/image?url=%2Fimages%2Fada.png&w=2048&q=75 2048w, /_next/image?url=%2Fimages%2Fada.png&w=3840&q=75 3840w"
                style="position: absolute; height: 100%; width: 100%; left: 0px; top: 0px; right: 0px; bottom: 0px; object-fit: contain; object-position: center; color: transparent;"
              />
            </div>
            <div
              class="flex flex-col"
            >
              <span
                class="text-lg uppercase"
              >
                ada
              </span>
              <span
                class="text-xs text-gray-500"
              >
                Cardano
              </span>
            </div>
          </td>
          <td>
            $
            0.45
          </td>
          <td>
            <div
              class="bg-green-100 text-green-500 w-fit rounded-xl px-2 py-1 text-xs font-semibold"
            >
              3.87
              %
            </div>
          </td>
        </tr>
      </tbody>
    </table>
  </div>
</div>
`;
