// Jest Snapshot v1, https://goo.gl/fbAQLP

exports[`getTransformedChartData should return the correct chart data 1`] = `
{
  "datasets": [
    {
      "backgroundColor": "rgba(34,197,94, 0.1)",
      "data": [
        57453.46542358884,
        56849.82059461345,
        56989.27449840857,
        57421.71965568798,
        58915.94031893552,
        57038.200775008605,
        57342.452978220164,
        57871.16745201774,
        57904.76527674785,
        58350.587565644215,
        57759.017340192746,
        57173.57867330977,
        57451.83614115858,
        57495.41041375102,
        57362.30026919419,
        57462.2929728636,
        57596.39962405463,
        57669.79485038989,
        57879.244870587885,
        57816.83182534611,
        57821.91732679371,
        58537.585786151394,
        58634.5239917691,
        58479.74468116327,
      ],
      "fill": true,
      "label": "Price",
      "segment": {
        "borderColor": [Function],
      },
    },
  ],
  "labels": [
    "01-05-2024 07:00 pm",
    "01-05-2024 08:00 pm",
    "01-05-2024 09:00 pm",
    "01-05-2024 10:00 pm",
    "01-05-2024 11:00 pm",
    "02-05-2024 12:00 am",
    "02-05-2024 01:00 am",
    "02-05-2024 02:00 am",
    "02-05-2024 03:00 am",
    "02-05-2024 04:00 am",
    "02-05-2024 05:00 am",
    "02-05-2024 06:00 am",
    "02-05-2024 07:00 am",
    "02-05-2024 08:00 am",
    "02-05-2024 09:00 am",
    "02-05-2024 10:00 am",
    "02-05-2024 11:00 am",
    "02-05-2024 12:00 pm",
    "02-05-2024 01:00 pm",
    "02-05-2024 02:00 pm",
    "02-05-2024 03:00 pm",
    "02-05-2024 04:00 pm",
    "02-05-2024 05:00 pm",
    "02-05-2024 06:00 pm",
  ],
}
`;
